---
source: tests/integration/mod.rs
expression: output.normalized_stdout()
---
[]
