---
source: crates/rv/tests/integration_tests/shell/env_test.rs
expression: output.normalized_stdout()
---
{"GEM_HOME":{},"GEM_PATH":{},"GEM_ROOT":{},"PATH":"","RUBYOPT":{},"RUBY_ENGINE":{},"RUBY_ROOT":{},"RUBY_VERSION":{}}
