---
source: crates/rv/tests/integration_tests/shell/init_test.rs
expression: output.normalized_stdout()
---
$env.config = ($env.config | upsert hooks.env_change.PWD {
    [
        {
            |_, _| /tmp/bin/rv shell env nu | from json | load-env
        }
    ]
})
