---
source: tests/integration_ruby_list.rs
expression: stdout
---
[
  {
    "key": "ruby-3.4.4-macos-aarch64",
    "version": "3.4.4",
    "path": "/Users/segiddins/.rubies/ruby-3.4.4",
    "implementation": "ruby",
    "arch": "aarch64",
    "os": "macos"
  },
  {
    "key": "ruby-3.4.3-macos-aarch64",
    "version": "3.4.3",
    "path": "/Users/segiddins/.rubies/ruby-3.4.3",
    "implementation": "ruby",
    "arch": "aarch64",
    "os": "macos"
  },
  {
    "key": "ruby-3.4.2-macos-aarch64",
    "version": "3.4.2",
    "path": "/Users/segiddins/.rubies/ruby-3.4.2",
    "implementation": "ruby",
    "arch": "aarch64",
    "os": "macos"
  },
  {
    "key": "ruby-3.4.1-macos-aarch64",
    "version": "3.4.1",
    "path": "/Users/segiddins/.rubies/ruby-3.4.1",
    "implementation": "ruby",
    "arch": "aarch64",
    "os": "macos"
  },
  {
    "key": "ruby-3.3.6-macos-aarch64",
    "version": "3.3.6",
    "path": "/Users/segiddins/.rubies/ruby-3.3.6",
    "implementation": "ruby",
    "arch": "aarch64",
    "os": "macos"
  },
  {
    "key": "ruby-3.3.5-macos-aarch64",
    "version": "3.3.5",
    "path": "/Users/segiddins/.rubies/ruby-3.3.5",
    "implementation": "ruby",
    "arch": "aarch64",
    "os": "macos"
  },
  {
    "key": "ruby-3.3.4-macos-aarch64",
    "version": "3.3.4",
    "path": "/Users/segiddins/.rubies/ruby-3.3.4",
    "implementation": "ruby",
    "arch": "aarch64",
    "os": "macos"
  },
  {
    "key": "ruby-3.3.3-macos-aarch64",
    "version": "3.3.3",
    "path": "/Users/segiddins/.rubies/ruby-3.3.3",
    "implementation": "ruby",
    "arch": "aarch64",
    "os": "macos"
  },
  {
    "key": "ruby-3.3.2-macos-aarch64",
    "version": "3.3.2",
    "path": "/Users/segiddins/.rubies/ruby-3.3.2",
    "implementation": "ruby",
    "arch": "aarch64",
    "os": "macos"
  },
  {
    "key": "ruby-3.3.1-macos-aarch64",
    "version": "3.3.1",
    "path": "/Users/segiddins/.rubies/ruby-3.3.1",
    "implementation": "ruby",
    "arch": "aarch64",
    "os": "macos"
  },
  {
    "key": "ruby-3.3.0-macos-aarch64",
    "version": "3.3.0",
    "path": "/Users/segiddins/.rubies/ruby-3.3.0",
    "implementation": "ruby",
    "arch": "aarch64",
    "os": "macos"
  },
  {
    "key": "ruby-3.2.3-macos-aarch64",
    "version": "3.2.3",
    "path": "/Users/segiddins/.rubies/ruby-3.2.3",
    "implementation": "ruby",
    "arch": "aarch64",
    "os": "macos"
  },
  {
    "key": "ruby-3.2.2-macos-aarch64",
    "version": "3.2.2",
    "path": "/Users/segiddins/.rubies/ruby-3.2.2",
    "implementation": "ruby",
    "arch": "aarch64",
    "os": "macos"
  },
  {
    "key": "ruby-3.1.4-macos-aarch64",
    "version": "3.1.4",
    "path": "/Users/segiddins/.rubies/ruby-3.1.4",
    "implementation": "ruby",
    "arch": "aarch64",
    "os": "macos"
  },
  {
    "key": "ruby-3.1.1-macos-aarch64",
    "version": "3.1.1",
    "path": "/Users/segiddins/.rubies/ruby-3.1.1",
    "implementation": "ruby",
    "arch": "aarch64",
    "os": "macos"
  },
  {
    "key": "ruby-3.0.5-macos-aarch64",
    "version": "3.0.5",
    "path": "/Users/segiddins/.rubies/ruby-3.0.5",
    "implementation": "ruby",
    "arch": "aarch64",
    "os": "macos"
  },
  {
    "key": "ruby-3.0.3-macos-aarch64",
    "version": "3.0.3",
    "path": "/Users/segiddins/.rubies/ruby-3.0.3",
    "implementation": "ruby",
    "arch": "aarch64",
    "os": "macos"
  },
  {
    "key": "ruby-3.0.2-macos-aarch64",
    "version": "3.0.2",
    "path": "/Users/segiddins/.rubies/ruby-3.0.2",
    "implementation": "ruby",
    "arch": "aarch64",
    "os": "macos"
  },
  {
    "key": "ruby-2.7.5-macos-aarch64",
    "version": "2.7.5",
    "path": "/Users/segiddins/.rubies/ruby-2.7.5",
    "implementation": "ruby",
    "arch": "aarch64",
    "os": "macos"
  },
  {
    "key": "ruby-2.6.10-macos-aarch64",
    "version": "2.6.10",
    "path": "/Users/segiddins/.rubies/ruby-2.6.10",
    "implementation": "ruby",
    "arch": "aarch64",
    "os": "macos"
  },
  {
    "key": "ruby-2.5.9-macos-aarch64",
    "version": "2.5.9",
    "path": "/Users/segiddins/.rubies/ruby-2.5.9",
    "implementation": "ruby",
    "arch": "aarch64",
    "os": "macos"
  },
  {
    "key": "jruby-10.0.0.0-macos-aarch64",
    "version": "10.0.0.0",
    "path": "/Users/segiddins/.rubies/jruby-10.0.0.0",
    "symlink": "/jruby",
    "implementation": "jruby",
    "arch": "aarch64",
    "os": "macos"
  },
  {
    "key": "jruby-10.0.0.1-macos-aarch64",
    "version": "10.0.0.1",
    "path": "/Users/segiddins/.rubies/jruby-10.0.0.1",
    "symlink": "/jruby",
    "implementation": "jruby",
    "arch": "aarch64",
    "os": "macos"
  },
  {
    "key": "jruby-9.4.12.0-macos-aarch64",
    "version": "9.4.12.0",
    "path": "/Users/segiddins/.rubies/jruby-9.4.12.0",
    "symlink": "/jruby",
    "implementation": "jruby",
    "arch": "aarch64",
    "os": "macos"
  },
  {
    "key": "jruby-9.4.9.0-macos-aarch64",
    "version": "9.4.9.0",
    "path": "/Users/segiddins/.rubies/jruby-9.4.9.0",
    "symlink": "/jruby",
    "implementation": "jruby",
    "arch": "aarch64",
    "os": "macos"
  },
  {
    "key": "jruby-9.4.8.0-macos-aarch64",
    "version": "9.4.8.0",
    "path": "/Users/segiddins/.rubies/jruby-9.4.8.0",
    "symlink": "/jruby",
    "implementation": "jruby",
    "arch": "aarch64",
    "os": "macos"
  },
  {
    "key": "jruby-9.4.6.0-macos-aarch64",
    "version": "9.4.6.0",
    "path": "/Users/segiddins/.rubies/jruby-9.4.6.0",
    "symlink": "/jruby",
    "implementation": "jruby",
    "arch": "aarch64",
    "os": "macos"
  },
  {
    "key": "jruby-9.4.3.0-macos-aarch64",
    "version": "9.4.3.0",
    "path": "/Users/segiddins/.rubies/jruby-9.4.3.0",
    "symlink": "/jruby",
    "implementation": "jruby",
    "arch": "aarch64",
    "os": "macos"
  },
  {
    "key": "truffleruby-24.0.2-macos-aarch64",
    "version": "24.0.2",
    "path": "/Users/segiddins/.rubies/truffleruby-24.0.2",
    "implementation": "truffleruby",
    "arch": "aarch64",
    "os": "macos"
  },
  {
    "key": "truffleruby-23.1.2-macos-aarch64",
    "version": "23.1.2",
    "path": "/Users/segiddins/.rubies/truffleruby-23.1.2",
    "implementation": "truffleruby",
    "arch": "aarch64",
    "os": "macos"
  },
  {
    "key": "truffleruby-23.1.1-macos-aarch64",
    "version": "23.1.1",
    "path": "/Users/segiddins/.rubies/truffleruby-23.1.1",
    "implementation": "truffleruby",
    "arch": "aarch64",
    "os": "macos"
  }
]
